Audited 1 / 61 TargetBind
Audited 2 / 61 Rest
Audited 3 / 61 LeftBrowDown
Audited 4 / 61 RightBrowDown
Audited 5 / 61 LeftOuterBrowUp
Audited 6 / 61 RightOuterBrowUp
Audited 7 / 61 LeftInnerBrowUp
Audited 8 / 61 RightInnerBrowUp
Audited 9 / 61 NoseWrinkler
Audited 10 / 61 LeftUpperLidOpen
Audited 11 / 61 RightUpperLidOpen
Audited 12 / 61 LeftUpperLidClosed
Audited 13 / 61 RightUpperLidClosed
Audited 14 / 61 LeftLowerLidUp
Audited 15 / 61 RightLowerLidUp
Audited 16 / 61 LeftEyeDown
Audited 17 / 61 RightEyeDown
Audited 18 / 61 LeftEyeUp
Audited 19 / 61 RightEyeUp
Audited 20 / 61 LeftEyeturnRight
Audited 21 / 61 RightEyeturnRight
Audited 22 / 61 LeftEyeturnLeft
Audited 23 / 61 RightEyeturnLeft
Audited 24 / 61 LeftCheekUp
Audited 25 / 61 RightCheekUp
Audited 26 / 61 CheeksPump
Audited 27 / 61 CheeksSuck
Audited 28 / 61 NasolabialDeepener
Audited 29 / 61 ChinLeft
Audited 30 / 61 ChinRight
Audited 31 / 61 ChinDown
Audited 32 / 61 ChinForward
Audited 33 / 61 lowerLipUp
Audited 34 / 61 lowerLipDown
Audited 35 / 61 lowerLipBackward
Audited 36 / 61 lowerLipForward
Audited 37 / 61 UpperLipUp
Audited 38 / 61 UpperLipBackward
Audited 39 / 61 UpperLipForward
Audited 40 / 61 UpperLipStretched
Audited 41 / 61 JawDrop
Audited 42 / 61 JawDropStretched
Audited 43 / 61 LipsKiss
Audited 44 / 61 MouthMoveLeft
Audited 45 / 61 MouthMoveRight
Audited 46 / 61 MouthLeftPullUp
Audited 47 / 61 MouthRightPullUp
Audited 48 / 61 MouthLeftPullSide
Audited 49 / 61 MouthRightPullSide
Audited 50 / 61 MouthLeftPullDown
Audited 51 / 61 MouthRightPullDown
Audited 52 / 61 MouthLeftPlatysma
Audited 53 / 61 MouthRightPlatysma
Audited 54 / 61 TongueOut
Audited 55 / 61 TongueUshape
Audited 56 / 61 TongueUp
Audited 57 / 61 TongueDown
Audited 58 / 61 TongueLeft
Audited 59 / 61 TongueRight
Audited 60 / 61 TonguePointUp
Audited 61 / 61 TonguePointDown
Blender 5.2.2 LTS (hash d13f752e3b9c built 2026-09-15 01:49:19)

Blender quit
