00:01.356  render           | Saved: '/Users/jiangshengbo/Desktop/Sign-Translator/Sign Translator Stage Documentation/evidence/w1-w2-2026-09-26/contact-localization/TargetBind-front.png'
00:01.403  render           | Saved: '/Users/jiangshengbo/Desktop/Sign-Translator/Sign Translator Stage Documentation/evidence/w1-w2-2026-09-26/contact-localization/TargetBind-side.png'
00:01.441  render           | Saved: '/Users/jiangshengbo/Desktop/Sign-Translator/Sign Translator Stage Documentation/evidence/w1-w2-2026-09-26/contact-localization/TargetBind-top.png'
00:01.636  render           | Saved: '/Users/jiangshengbo/Desktop/Sign-Translator/Sign Translator Stage Documentation/evidence/w1-w2-2026-09-26/contact-localization/LeftUpperLidClosed-front.png'
00:01.684  render           | Saved: '/Users/jiangshengbo/Desktop/Sign-Translator/Sign Translator Stage Documentation/evidence/w1-w2-2026-09-26/contact-localization/LeftUpperLidClosed-side.png'
00:01.719  render           | Saved: '/Users/jiangshengbo/Desktop/Sign-Translator/Sign Translator Stage Documentation/evidence/w1-w2-2026-09-26/contact-localization/LeftUpperLidClosed-top.png'
00:01.918  render           | Saved: '/Users/jiangshengbo/Desktop/Sign-Translator/Sign Translator Stage Documentation/evidence/w1-w2-2026-09-26/contact-localization/JawDropStretched-front.png'
00:01.950  render           | Saved: '/Users/jiangshengbo/Desktop/Sign-Translator/Sign Translator Stage Documentation/evidence/w1-w2-2026-09-26/contact-localization/JawDropStretched-side.png'
00:01.982  render           | Saved: '/Users/jiangshengbo/Desktop/Sign-Translator/Sign Translator Stage Documentation/evidence/w1-w2-2026-09-26/contact-localization/JawDropStretched-top.png'
00:02.174  render           | Saved: '/Users/jiangshengbo/Desktop/Sign-Translator/Sign Translator Stage Documentation/evidence/w1-w2-2026-09-26/contact-localization/TongueOut-front.png'
00:02.206  render           | Saved: '/Users/jiangshengbo/Desktop/Sign-Translator/Sign Translator Stage Documentation/evidence/w1-w2-2026-09-26/contact-localization/TongueOut-side.png'
00:02.241  render           | Saved: '/Users/jiangshengbo/Desktop/Sign-Translator/Sign Translator Stage Documentation/evidence/w1-w2-2026-09-26/contact-localization/TongueOut-top.png'
00:02.432  render           | Saved: '/Users/jiangshengbo/Desktop/Sign-Translator/Sign Translator Stage Documentation/evidence/w1-w2-2026-09-26/contact-localization/lowerLipUp-front.png'
00:02.465  render           | Saved: '/Users/jiangshengbo/Desktop/Sign-Translator/Sign Translator Stage Documentation/evidence/w1-w2-2026-09-26/contact-localization/lowerLipUp-side.png'
00:02.498  render           | Saved: '/Users/jiangshengbo/Desktop/Sign-Translator/Sign Translator Stage Documentation/evidence/w1-w2-2026-09-26/contact-localization/lowerLipUp-top.png'
Info: Saved as "TargetBind.blend"
Info: Saved as "LeftUpperLidClosed.blend"
Info: Saved as "JawDropStretched.blend"
Info: Saved as "TongueOut.blend"
Info: Saved as "lowerLipUp.blend"
Blender 5.2.2 LTS (hash d13f752e3b9c built 2026-09-15 01:49:19)

Blender quit
